1786378189.714714 client started (21707): version 3.7b, socket /run/user/1755687199/tmux-1755687199/default, protocol 8
1786378189.714774 on Linux 6.17.0-35-generic #35~24.04.1-Ubuntu SMP PREEMPT_DYNAMIC Tue May 26 19:30:42 UTC 2
1786378189.714786 using libevent 2.1.13-stable poll
1786378189.714801 using utf8proc 2.11.3
1786378189.714809 using ncurses 6.6 20251230
1786378189.714841 flags are 0x10010000
1786378189.714862 socket is /run/user/1755687199/tmux-1755687199/default
1786378189.714883 trying connect
1786378189.714948 add peer 0x5da41a788330: 6 ((nil))
1786378189.715494 sending message 111 to peer 0x5da41a788330 (8 bytes)
1786378189.715523 sending message 111 to peer 0x5da41a788330 (8 bytes)
1786378189.715536 sending message 101 to peer 0x5da41a788330 (14 bytes)
1786378189.715545 sending message 109 to peer 0x5da41a788330 (4 bytes)
1786378189.715554 sending message 102 to peer 0x5da41a788330 (11 bytes)
1786378189.715564 sending message 108 to peer 0x5da41a788330 (44 bytes)
1786378189.715573 sending message 112 to peer 0x5da41a788330 (70 bytes)
1786378189.715581 sending message 112 to peer 0x5da41a788330 (5 bytes)
1786378189.715590 sending message 112 to peer 0x5da41a788330 (5 bytes)
1786378189.715598 sending message 112 to peer 0x5da41a788330 (6 bytes)
1786378189.715607 sending message 112 to peer 0x5da41a788330 (6 bytes)
1786378189.715617 sending message 112 to peer 0x5da41a788330 (11 bytes)
1786378189.715626 sending message 112 to peer 0x5da41a788330 (10 bytes)
1786378189.715635 sending message 112 to peer 0x5da41a788330 (13 bytes)
1786378189.715644 sending message 112 to peer 0x5da41a788330 (13 bytes)
1786378189.715652 sending message 112 to peer 0x5da41a788330 (18 bytes)
1786378189.715661 sending message 112 to peer 0x5da41a788330 (11 bytes)
1786378189.715671 sending message 112 to peer 0x5da41a788330 (10 bytes)
1786378189.715680 sending message 112 to peer 0x5da41a788330 (15 bytes)
1786378189.715689 sending message 112 to peer 0x5da41a788330 (21 bytes)
1786378189.715698 sending message 112 to peer 0x5da41a788330 (13 bytes)
1786378189.715707 sending message 112 to peer 0x5da41a788330 (7 bytes)
1786378189.715716 sending message 112 to peer 0x5da41a788330 (13 bytes)
1786378189.715725 sending message 112 to peer 0x5da41a788330 (7 bytes)
1786378189.715734 sending message 112 to peer 0x5da41a788330 (13 bytes)
1786378189.715743 sending message 112 to peer 0x5da41a788330 (9 bytes)
1786378189.715752 sending message 112 to peer 0x5da41a788330 (21 bytes)
1786378189.715761 sending message 112 to peer 0x5da41a788330 (13 bytes)
1786378189.715770 sending message 112 to peer 0x5da41a788330 (8 bytes)
1786378189.715779 sending message 112 to peer 0x5da41a788330 (12 bytes)
1786378189.715787 sending message 112 to peer 0x5da41a788330 (13 bytes)
1786378189.715796 sending message 112 to peer 0x5da41a788330 (9 bytes)
1786378189.715805 sending message 112 to peer 0x5da41a788330 (9 bytes)
1786378189.715815 sending message 112 to peer 0x5da41a788330 (12 bytes)
1786378189.715825 sending message 112 to peer 0x5da41a788330 (8 bytes)
1786378189.715834 sending message 112 to peer 0x5da41a788330 (8 bytes)
1786378189.715843 sending message 112 to peer 0x5da41a788330 (7 bytes)
1786378189.715853 sending message 112 to peer 0x5da41a788330 (7 bytes)
1786378189.715862 sending message 112 to peer 0x5da41a788330 (9 bytes)
1786378189.715871 sending message 112 to peer 0x5da41a788330 (13 bytes)
1786378189.715881 sending message 112 to peer 0x5da41a788330 (6 bytes)
1786378189.715890 sending message 112 to peer 0x5da41a788330 (9 bytes)
1786378189.715899 sending message 112 to peer 0x5da41a788330 (15 bytes)
1786378189.715908 sending message 112 to peer 0x5da41a788330 (13 bytes)
1786378189.715918 sending message 112 to peer 0x5da41a788330 (12 bytes)
1786378189.715927 sending message 112 to peer 0x5da41a788330 (8 bytes)
1786378189.715936 sending message 112 to peer 0x5da41a788330 (14 bytes)
1786378189.715946 sending message 112 to peer 0x5da41a788330 (11 bytes)
1786378189.715955 sending message 112 to peer 0x5da41a788330 (9 bytes)
1786378189.715965 sending message 112 to peer 0x5da41a788330 (10 bytes)
1786378189.715997 sending message 112 to peer 0x5da41a788330 (10 bytes)
1786378189.716008 sending message 112 to peer 0x5da41a788330 (10 bytes)
1786378189.716018 sending message 112 to peer 0x5da41a788330 (10 bytes)
1786378189.716027 sending message 112 to peer 0x5da41a788330 (11 bytes)
1786378189.716036 sending message 112 to peer 0x5da41a788330 (12 bytes)
1786378189.716045 sending message 112 to peer 0x5da41a788330 (12 bytes)
1786378189.716067 sending message 112 to peer 0x5da41a788330 (12 bytes)
1786378189.716089 sending message 112 to peer 0x5da41a788330 (12 bytes)
1786378189.716099 sending message 112 to peer 0x5da41a788330 (12 bytes)
1786378189.716109 sending message 112 to peer 0x5da41a788330 (11 bytes)
1786378189.716118 sending message 112 to peer 0x5da41a788330 (11 bytes)
1786378189.716127 sending message 112 to peer 0x5da41a788330 (12 bytes)
1786378189.716137 sending message 112 to peer 0x5da41a788330 (12 bytes)
1786378189.716146 sending message 112 to peer 0x5da41a788330 (12 bytes)
1786378189.716155 sending message 112 to peer 0x5da41a788330 (12 bytes)
1786378189.716164 sending message 112 to peer 0x5da41a788330 (12 bytes)
1786378189.716173 sending message 112 to peer 0x5da41a788330 (10 bytes)
1786378189.716182 sending message 112 to peer 0x5da41a788330 (12 bytes)
1786378189.716191 sending message 112 to peer 0x5da41a788330 (13 bytes)
1786378189.716200 sending message 112 to peer 0x5da41a788330 (13 bytes)
1786378189.716209 sending message 112 to peer 0x5da41a788330 (13 bytes)
1786378189.716218 sending message 112 to peer 0x5da41a788330 (13 bytes)
1786378189.716227 sending message 112 to peer 0x5da41a788330 (13 bytes)
1786378189.716237 sending message 112 to peer 0x5da41a788330 (8 bytes)
1786378189.716246 sending message 112 to peer 0x5da41a788330 (11 bytes)
1786378189.716256 sending message 112 to peer 0x5da41a788330 (11 bytes)
1786378189.716267 sending message 112 to peer 0x5da41a788330 (11 bytes)
1786378189.716284 sending message 112 to peer 0x5da41a788330 (12 bytes)
1786378189.716295 sending message 112 to peer 0x5da41a788330 (12 bytes)
1786378189.716306 sending message 112 to peer 0x5da41a788330 (12 bytes)
1786378189.716316 sending message 112 to peer 0x5da41a788330 (12 bytes)
1786378189.716325 sending message 112 to peer 0x5da41a788330 (13 bytes)
1786378189.716335 sending message 112 to peer 0x5da41a788330 (13 bytes)
1786378189.716345 sending message 112 to peer 0x5da41a788330 (13 bytes)
1786378189.716356 sending message 112 to peer 0x5da41a788330 (8 bytes)
1786378189.716366 sending message 112 to peer 0x5da41a788330 (13 bytes)
1786378189.716377 sending message 112 to peer 0x5da41a788330 (13 bytes)
1786378189.716386 sending message 112 to peer 0x5da41a788330 (13 bytes)
1786378189.716397 sending message 112 to peer 0x5da41a788330 (13 bytes)
1786378189.716407 sending message 112 to peer 0x5da41a788330 (13 bytes)
1786378189.716416 sending message 112 to peer 0x5da41a788330 (12 bytes)
1786378189.716426 sending message 112 to peer 0x5da41a788330 (12 bytes)
1786378189.716443 sending message 112 to peer 0x5da41a788330 (12 bytes)
1786378189.716453 sending message 112 to peer 0x5da41a788330 (12 bytes)
1786378189.716463 sending message 112 to peer 0x5da41a788330 (13 bytes)
1786378189.716481 sending message 112 to peer 0x5da41a788330 (8 bytes)
1786378189.716496 sending message 112 to peer 0x5da41a788330 (13 bytes)
1786378189.716506 sending message 112 to peer 0x5da41a788330 (13 bytes)
1786378189.716516 sending message 112 to peer 0x5da41a788330 (13 bytes)
1786378189.716525 sending message 112 to peer 0x5da41a788330 (13 bytes)
1786378189.716535 sending message 112 to peer 0x5da41a788330 (13 bytes)
1786378189.716545 sending message 112 to peer 0x5da41a788330 (13 bytes)
1786378189.716555 sending message 112 to peer 0x5da41a788330 (13 bytes)
1786378189.716565 sending message 112 to peer 0x5da41a788330 (12 bytes)
1786378189.716574 sending message 112 to peer 0x5da41a788330 (12 bytes)
1786378189.716584 sending message 112 to peer 0x5da41a788330 (12 bytes)
1786378189.716593 sending message 112 to peer 0x5da41a788330 (8 bytes)
1786378189.716617 sending message 112 to peer 0x5da41a788330 (12 bytes)
1786378189.716628 sending message 112 to peer 0x5da41a788330 (13 bytes)
1786378189.716637 sending message 112 to peer 0x5da41a788330 (13 bytes)
1786378189.716648 sending message 112 to peer 0x5da41a788330 (13 bytes)
1786378189.716657 sending message 112 to peer 0x5da41a788330 (13 bytes)
1786378189.716667 sending message 112 to peer 0x5da41a788330 (13 bytes)
1786378189.716676 sending message 112 to peer 0x5da41a788330 (13 bytes)
1786378189.716686 sending message 112 to peer 0x5da41a788330 (13 bytes)
1786378189.716695 sending message 112 to peer 0x5da41a788330 (13 bytes)
1786378189.716705 sending message 112 to peer 0x5da41a788330 (12 bytes)
1786378189.716715 sending message 112 to peer 0x5da41a788330 (10 bytes)
1786378189.716724 sending message 112 to peer 0x5da41a788330 (12 bytes)
1786378189.716734 sending message 112 to peer 0x5da41a788330 (12 bytes)
1786378189.716743 sending message 112 to peer 0x5da41a788330 (12 bytes)
1786378189.716753 sending message 112 to peer 0x5da41a788330 (13 bytes)
1786378189.716763 sending message 112 to peer 0x5da41a788330 (13 bytes)
1786378189.716774 sending message 112 to peer 0x5da41a788330 (13 bytes)
1786378189.716783 sending message 112 to peer 0x5da41a788330 (13 bytes)
1786378189.716793 sending message 112 to peer 0x5da41a788330 (13 bytes)
1786378189.716803 sending message 112 to peer 0x5da41a788330 (13 bytes)
1786378189.716814 sending message 112 to peer 0x5da41a788330 (13 bytes)
1786378189.716824 sending message 112 to peer 0x5da41a788330 (10 bytes)
1786378189.716833 sending message 112 to peer 0x5da41a788330 (13 bytes)
1786378189.716843 sending message 112 to peer 0x5da41a788330 (12 bytes)
1786378189.716853 sending message 112 to peer 0x5da41a788330 (12 bytes)
1786378189.716862 sending message 112 to peer 0x5da41a788330 (12 bytes)
1786378189.716872 sending message 112 to peer 0x5da41a788330 (10 bytes)
1786378189.716883 sending message 112 to peer 0x5da41a788330 (10 bytes)
1786378189.716893 sending message 112 to peer 0x5da41a788330 (10 bytes)
1786378189.716903 sending message 112 to peer 0x5da41a788330 (12 bytes)
1786378189.716913 sending message 112 to peer 0x5da41a788330 (13 bytes)
1786378189.716924 sending message 112 to peer 0x5da41a788330 (13 bytes)
1786378189.716934 sending message 112 to peer 0x5da41a788330 (13 bytes)
1786378189.716944 sending message 112 to peer 0x5da41a788330 (13 bytes)
1786378189.716953 sending message 112 to peer 0x5da41a788330 (13 bytes)
1786378189.716962 sending message 112 to peer 0x5da41a788330 (11 bytes)
1786378189.716972 sending message 112 to peer 0x5da41a788330 (11 bytes)
1786378189.716983 sending message 112 to peer 0x5da41a788330 (12 bytes)
1786378189.716993 sending message 112 to peer 0x5da41a788330 (12 bytes)
1786378189.717003 sending message 112 to peer 0x5da41a788330 (12 bytes)
1786378189.717013 sending message 112 to peer 0x5da41a788330 (12 bytes)
1786378189.717024 sending message 112 to peer 0x5da41a788330 (12 bytes)
1786378189.717034 sending message 112 to peer 0x5da41a788330 (11 bytes)
1786378189.717043 sending message 112 to peer 0x5da41a788330 (12 bytes)
1786378189.717066 sending message 112 to peer 0x5da41a788330 (12 bytes)
1786378189.717093 sending message 112 to peer 0x5da41a788330 (13 bytes)
1786378189.717104 sending message 112 to peer 0x5da41a788330 (13 bytes)
1786378189.717114 sending message 112 to peer 0x5da41a788330 (13 bytes)
1786378189.717124 sending message 112 to peer 0x5da41a788330 (13 bytes)
1786378189.717134 sending message 112 to peer 0x5da41a788330 (13 bytes)
1786378189.717144 sending message 112 to peer 0x5da41a788330 (10 bytes)
1786378189.717154 sending message 112 to peer 0x5da41a788330 (9 bytes)
1786378189.717164 sending message 112 to peer 0x5da41a788330 (12 bytes)
1786378189.717173 sending message 112 to peer 0x5da41a788330 (13 bytes)
1786378189.717183 sending message 112 to peer 0x5da41a788330 (13 bytes)
1786378189.717193 sending message 112 to peer 0x5da41a788330 (13 bytes)
1786378189.717204 sending message 112 to peer 0x5da41a788330 (13 bytes)
1786378189.717226 sending message 112 to peer 0x5da41a788330 (13 bytes)
1786378189.717236 sending message 112 to peer 0x5da41a788330 (9 bytes)
1786378189.717247 sending message 112 to peer 0x5da41a788330 (12 bytes)
1786378189.717256 sending message 112 to peer 0x5da41a788330 (13 bytes)
1786378189.717267 sending message 112 to peer 0x5da41a788330 (13 bytes)
1786378189.717277 sending message 112 to peer 0x5da41a788330 (13 bytes)
1786378189.717287 sending message 112 to peer 0x5da41a788330 (13 bytes)
1786378189.717296 sending message 112 to peer 0x5da41a788330 (13 bytes)
1786378189.717307 sending message 112 to peer 0x5da41a788330 (11 bytes)
1786378189.717317 sending message 112 to peer 0x5da41a788330 (12 bytes)
1786378189.717327 sending message 112 to peer 0x5da41a788330 (13 bytes)
1786378189.717337 sending message 112 to peer 0x5da41a788330 (13 bytes)
1786378189.717347 sending message 112 to peer 0x5da41a788330 (13 bytes)
1786378189.717358 sending message 112 to peer 0x5da41a788330 (13 bytes)
1786378189.717368 sending message 112 to peer 0x5da41a788330 (13 bytes)
1786378189.717378 sending message 112 to peer 0x5da41a788330 (11 bytes)
1786378189.717388 sending message 112 to peer 0x5da41a788330 (12 bytes)
1786378189.717398 sending message 112 to peer 0x5da41a788330 (12 bytes)
1786378189.717408 sending message 112 to peer 0x5da41a788330 (12 bytes)
1786378189.717417 sending message 112 to peer 0x5da41a788330 (12 bytes)
1786378189.717427 sending message 112 to peer 0x5da41a788330 (12 bytes)
1786378189.717438 sending message 112 to peer 0x5da41a788330 (21 bytes)
1786378189.717448 sending message 112 to peer 0x5da41a788330 (12 bytes)
1786378189.717458 sending message 112 to peer 0x5da41a788330 (9 bytes)
1786378189.717468 sending message 112 to peer 0x5da41a788330 (6 bytes)
1786378189.717478 sending message 112 to peer 0x5da41a788330 (13 bytes)
1786378189.717488 sending message 112 to peer 0x5da41a788330 (8 bytes)
1786378189.717499 sending message 112 to peer 0x5da41a788330 (15 bytes)
1786378189.717509 sending message 112 to peer 0x5da41a788330 (13 bytes)
1786378189.717519 sending message 112 to peer 0x5da41a788330 (9 bytes)
1786378189.717529 sending message 112 to peer 0x5da41a788330 (70 bytes)
1786378189.717539 sending message 112 to peer 0x5da41a788330 (69 bytes)
1786378189.717554 sending message 112 to peer 0x5da41a788330 (10 bytes)
1786378189.717565 sending message 112 to peer 0x5da41a788330 (10 bytes)
1786378189.717576 sending message 112 to peer 0x5da41a788330 (8 bytes)
1786378189.717588 sending message 112 to peer 0x5da41a788330 (15 bytes)
1786378189.717599 sending message 112 to peer 0x5da41a788330 (13 bytes)
1786378189.717609 sending message 112 to peer 0x5da41a788330 (10 bytes)
1786378189.717618 sending message 112 to peer 0x5da41a788330 (10 bytes)
1786378189.717628 sending message 112 to peer 0x5da41a788330 (17 bytes)
1786378189.717639 sending message 112 to peer 0x5da41a788330 (10 bytes)
1786378189.717650 sending message 112 to peer 0x5da41a788330 (13 bytes)
1786378189.717660 sending message 112 to peer 0x5da41a788330 (9 bytes)
1786378189.717670 sending message 112 to peer 0x5da41a788330 (5 bytes)
1786378189.717680 sending message 112 to peer 0x5da41a788330 (15 bytes)
1786378189.717695 sending message 104 to peer 0x5da41a788330 (0 bytes)
1786378189.717708 sending message 110 to peer 0x5da41a788330 (0 bytes)
1786378189.717720 sending message 107 to peer 0x5da41a788330 (4 bytes)
1786378189.717730 sending message 105 to peer 0x5da41a788330 (16 bytes)
1786378189.717740 sending message 105 to peer 0x5da41a788330 (96 bytes)
1786378189.717750 sending message 105 to peer 0x5da41a788330 (19 bytes)
1786378189.717760 sending message 105 to peer 0x5da41a788330 (25 bytes)
1786378189.717770 sending message 105 to peer 0x5da41a788330 (25 bytes)
1786378189.717779 sending message 105 to peer 0x5da41a788330 (20 bytes)
1786378189.717789 sending message 105 to peer 0x5da41a788330 (45 bytes)
1786378189.717799 sending message 105 to peer 0x5da41a788330 (23 bytes)
1786378189.717809 sending message 105 to peer 0x5da41a788330 (26 bytes)
1786378189.717829 sending message 105 to peer 0x5da41a788330 (44 bytes)
1786378189.717840 sending message 105 to peer 0x5da41a788330 (58 bytes)
1786378189.717850 sending message 105 to peer 0x5da41a788330 (51 bytes)
1786378189.717860 sending message 105 to peer 0x5da41a788330 (32 bytes)
1786378189.717870 sending message 105 to peer 0x5da41a788330 (47 bytes)
1786378189.717880 sending message 105 to peer 0x5da41a788330 (44 bytes)
1786378189.717889 sending message 105 to peer 0x5da41a788330 (51 bytes)
1786378189.717899 sending message 105 to peer 0x5da41a788330 (67 bytes)
1786378189.717909 sending message 105 to peer 0x5da41a788330 (112 bytes)
1786378189.717920 sending message 105 to peer 0x5da41a788330 (20 bytes)
1786378189.717930 sending message 105 to peer 0x5da41a788330 (23 bytes)
1786378189.717941 sending message 105 to peer 0x5da41a788330 (28 bytes)
1786378189.717953 sending message 105 to peer 0x5da41a788330 (12 bytes)
1786378189.717965 sending message 105 to peer 0x5da41a788330 (28 bytes)
1786378189.717977 sending message 105 to peer 0x5da41a788330 (48 bytes)
1786378189.717988 sending message 105 to peer 0x5da41a788330 (46 bytes)
1786378189.717999 sending message 105 to peer 0x5da41a788330 (76 bytes)
1786378189.718009 sending message 105 to peer 0x5da41a788330 (27 bytes)
1786378189.718020 sending message 105 to peer 0x5da41a788330 (22 bytes)
1786378189.718030 sending message 105 to peer 0x5da41a788330 (25 bytes)
1786378189.718041 sending message 105 to peer 0x5da41a788330 (22 bytes)
1786378189.718052 sending message 105 to peer 0x5da41a788330 (60 bytes)
1786378189.718072 sending message 105 to peer 0x5da41a788330 (18 bytes)
1786378189.718084 sending message 105 to peer 0x5da41a788330 (22 bytes)
1786378189.718094 sending message 105 to peer 0x5da41a788330 (47 bytes)
1786378189.718107 sending message 105 to peer 0x5da41a788330 (25 bytes)
1786378189.718121 sending message 105 to peer 0x5da41a788330 (23 bytes)
1786378189.718137 sending message 105 to peer 0x5da41a788330 (18 bytes)
1786378189.718149 sending message 105 to peer 0x5da41a788330 (17 bytes)
1786378189.718160 sending message 105 to peer 0x5da41a788330 (33 bytes)
1786378189.718170 sending message 105 to peer 0x5da41a788330 (33 bytes)
1786378189.718181 sending message 105 to peer 0x5da41a788330 (167 bytes)
1786378189.718192 sending message 105 to peer 0x5da41a788330 (19 bytes)
1786378189.718203 sending message 105 to peer 0x5da41a788330 (26 bytes)
1786378189.718213 sending message 105 to peer 0x5da41a788330 (58 bytes)
1786378189.718229 sending message 105 to peer 0x5da41a788330 (53 bytes)
1786378189.718242 sending message 105 to peer 0x5da41a788330 (55 bytes)
1786378189.718253 sending message 105 to peer 0x5da41a788330 (56 bytes)
1786378189.718264 sending message 105 to peer 0x5da41a788330 (16 bytes)
1786378189.718275 sending message 105 to peer 0x5da41a788330 (27 bytes)
1786378189.718285 sending message 105 to peer 0x5da41a788330 (38 bytes)
1786378189.718296 sending message 105 to peer 0x5da41a788330 (23 bytes)
1786378189.718307 sending message 105 to peer 0x5da41a788330 (41 bytes)
1786378189.718318 sending message 105 to peer 0x5da41a788330 (23 bytes)
1786378189.718329 sending message 105 to peer 0x5da41a788330 (29 bytes)
1786378189.718339 sending message 105 to peer 0x5da41a788330 (19 bytes)
1786378189.718350 sending message 105 to peer 0x5da41a788330 (19 bytes)
1786378189.718360 sending message 105 to peer 0x5da41a788330 (18 bytes)
1786378189.718371 sending message 105 to peer 0x5da41a788330 (14 bytes)
1786378189.718382 sending message 105 to peer 0x5da41a788330 (13 bytes)
1786378189.718393 sending message 105 to peer 0x5da41a788330 (12 bytes)
1786378189.718404 sending message 105 to peer 0x5da41a788330 (11 bytes)
1786378189.718415 sending message 105 to peer 0x5da41a788330 (8 bytes)
1786378189.718425 sending message 105 to peer 0x5da41a788330 (35 bytes)
1786378189.718436 sending message 105 to peer 0x5da41a788330 (10 bytes)
1786378189.718447 sending message 105 to peer 0x5da41a788330 (18 bytes)
1786378189.718458 sending message 105 to peer 0x5da41a788330 (37 bytes)
1786378189.718480 sending message 105 to peer 0x5da41a788330 (20 bytes)
1786378189.718492 sending message 105 to peer 0x5da41a788330 (47 bytes)
1786378189.718503 sending message 105 to peer 0x5da41a788330 (32 bytes)
1786378189.718514 sending message 105 to peer 0x5da41a788330 (177 bytes)
1786378189.718525 sending message 105 to peer 0x5da41a788330 (230 bytes)
1786378189.718536 sending message 105 to peer 0x5da41a788330 (18 bytes)
1786378189.718547 sending message 105 to peer 0x5da41a788330 (60 bytes)
1786378189.718558 sending message 105 to peer 0x5da41a788330 (55 bytes)
1786378189.718568 sending message 105 to peer 0x5da41a788330 (53 bytes)
1786378189.718580 sending message 105 to peer 0x5da41a788330 (18 bytes)
1786378189.718591 sending message 105 to peer 0x5da41a788330 (44 bytes)
1786378189.718602 sending message 105 to peer 0x5da41a788330 (27 bytes)
1786378189.718617 sending message 105 to peer 0x5da41a788330 (29 bytes)
1786378189.718629 sending message 106 to peer 0x5da41a788330 (0 bytes)
1786378189.718784 sending message 200 to peer 0x5da41a788330 (4 bytes)
1786378189.718801 client loop enter
1786378189.719432 peer 0x5da41a788330 message 303
1786378189.719485 open write file 2 -
1786378189.719513 sending message 305 to peer 0x5da41a788330 (8 bytes)
1786378189.719539 write check file 2
1786378189.719775 peer 0x5da41a788330 message 304
1786378189.719808 write 58 to file 2
1786378189.719859 peer 0x5da41a788330 message 203
1786378189.719873 file 2 58 bytes left
1786378189.719911 write check file 2
1786378189.719926 client loop exit
